Using pre-set license
Built from '2021.3/staging' branch; Version is '2021.3.25f1 (68ef2c4f8861) revision 6876972'; Using compiler version '192829333'; Build Type 'Release'
OS: 'Windows 11  (10.0.26100) 64bit Core' Language: 'en' Physical Memory: 7567 MB
BatchMode: 1, IsHumanControllingUs: 0, StartBugReporterOnCrash: 0, Is64bit: 1, IsPro: 1

COMMAND LINE ARGUMENTS:
C:\Program Files\Unity\Hub\Editor\2021.3.25f1\Editor\Unity.exe
-adb2
-batchMode
-noUpm
-name
AssetImportWorker0
-projectPath
C:/Users/pfran/Documents/GitHub/MULT-150/PFrancia_Hour 11
-logFile
Logs/AssetImportWorker0.log
-srvPort
57040
Successfully changed project path to: C:/Users/pfran/Documents/GitHub/MULT-150/PFrancia_Hour 11
C:/Users/pfran/Documents/GitHub/MULT-150/PFrancia_Hour 11
[UnityMemory] Configuration Parameters - Can be set up in boot.config
    "memorysetup-bucket-allocator-granularity=16"
    "memorysetup-bucket-allocator-bucket-count=8"
    "memorysetup-bucket-allocator-block-size=33554432"
    "memorysetup-bucket-allocator-block-count=8"
    "memorysetup-main-allocator-block-size=16777216"
    "memorysetup-thread-allocator-block-size=16777216"
    "memorysetup-gfx-main-allocator-block-size=16777216"
    "memorysetup-gfx-thread-allocator-block-size=16777216"
    "memorysetup-cache-allocator-block-size=4194304"
    "memorysetup-typetree-allocator-block-size=2097152"
    "memorysetup-profiler-bucket-allocator-granularity=16"
    "memorysetup-profiler-bucket-allocator-bucket-count=8"
    "memorysetup-profiler-bucket-allocator-block-size=33554432"
    "memorysetup-profiler-bucket-allocator-block-count=8"
    "memorysetup-profiler-allocator-block-size=16777216"
    "memorysetup-profiler-editor-allocator-block-size=1048576"
    "memorysetup-temp-allocator-size-main=16777216"
    "memorysetup-job-temp-allocator-block-size=2097152"
    "memorysetup-job-temp-allocator-block-size-background=1048576"
    "memorysetup-job-temp-allocator-reduction-small-platforms=262144"
    "memorysetup-temp-allocator-size-background-worker=32768"
    "memorysetup-temp-allocator-size-job-worker=262144"
    "memorysetup-temp-allocator-size-preload-manager=33554432"
    "memorysetup-temp-allocator-size-nav-mesh-worker=65536"
    "memorysetup-temp-allocator-size-audio-worker=65536"
    "memorysetup-temp-allocator-size-cloud-worker=32768"
    "memorysetup-temp-allocator-size-gi-baking-worker=262144"
    "memorysetup-temp-allocator-size-gfx=262144"
Player connection [9944] Host "[IP] 192.168.100.171 [Port] 0 [Flags] 2 [Guid] 3637922186 [EditorId] 3637922186 [Version] 1048832 [Id] WindowsEditor(7,DESKTOP-7A3CQID) [Debug] 1 [PackageName] WindowsEditor [ProjectName] Editor" joined multi-casting on [225.0.0.222:54997]...

Player connection [9944] Host "[IP] 192.168.100.171 [Port] 0 [Flags] 2 [Guid] 3637922186 [EditorId] 3637922186 [Version] 1048832 [Id] WindowsEditor(7,DESKTOP-7A3CQID) [Debug] 1 [PackageName] WindowsEditor [ProjectName] Editor" joined alternative multi-casting on [225.0.0.222:34997]...

Refreshing native plugins compatible for Editor in 150.90 ms, found 3 plugins.
Preloading 0 native plugins for Editor in 0.00 ms.
Initialize engine version: 2021.3.25f1 (68ef2c4f8861)
[Subsystems] Discovering subsystems at path C:/Program Files/Unity/Hub/Editor/2021.3.25f1/Editor/Data/Resources/UnitySubsystems
[Subsystems] Discovering subsystems at path C:/Users/pfran/Documents/GitHub/MULT-150/PFrancia_Hour 11/Assets
GfxDevice: creating device client; threaded=0; jobified=0
Direct3D:
    Version:  Direct3D 11.0 [level 11.1]
    Renderer: AMD Radeon(TM) Graphics (ID=0x1636)
    Vendor:   ATI
    VRAM:     3783 MB
    Driver:   31.0.12044.3
Initialize mono
Mono path[0] = 'C:/Program Files/Unity/Hub/Editor/2021.3.25f1/Editor/Data/Managed'
Mono path[1] = 'C:/Program Files/Unity/Hub/Editor/2021.3.25f1/Editor/Data/MonoBleedingEdge/lib/mono/unityjit-win32'
Mono config path = 'C:/Program Files/Unity/Hub/Editor/2021.3.25f1/Editor/Data/MonoBleedingEdge/etc'
Using monoOptions --debugger-agent=transport=dt_socket,embedding=1,server=y,suspend=n,address=127.0.0.1:56432
Begin MonoManager ReloadAssembly
Registering precompiled unity dll's ...
Register platform support module: C:/Program Files/Unity/Hub/Editor/2021.3.25f1/Editor/Data/PlaybackEngines/WindowsStandaloneSupport/UnityEditor.WindowsStandalone.Extensions.dll
Registered in 0.009169 seconds.
Native extension for WindowsStandalone target not found
Refreshing native plugins compatible for Editor in 87.59 ms, found 3 plugins.
Preloading 0 native plugins for Editor in 0.00 ms.
Mono: successfully reloaded assembly
- Completed reload, in  0.868 seconds
Domain Reload Profiling:
	ReloadAssembly (869ms)
		BeginReloadAssembly (107ms)
			ExecutionOrderSort (0ms)
			DisableScriptedObjects (0ms)
			BackupInstance (0ms)
			ReleaseScriptingObjects (0ms)
			CreateAndSetChildDomain (1ms)
		EndReloadAssembly (631ms)
			LoadAssemblies (103ms)
			RebuildTransferFunctionScriptingTraits (0ms)
			SetupTypeCache (116ms)
			ReleaseScriptCaches (0ms)
			RebuildScriptCaches (36ms)
			SetupLoadedEditorAssemblies (415ms)
				LogAssemblyErrors (0ms)
				InitializePlatformSupportModulesInManaged (10ms)
				SetLoadedEditorAssemblies (0ms)
				RefreshPlugins (88ms)
				BeforeProcessingInitializeOnLoad (2ms)
				ProcessInitializeOnLoadAttributes (255ms)
				ProcessInitializeOnLoadMethodAttributes (59ms)
				AfterProcessingInitializeOnLoad (0ms)
				EditorAssembliesLoaded (0ms)
			ExecutionOrderSort2 (0ms)
			AwakeInstancesAfterBackupRestoration (0ms)
Platform modules already initialized, skipping
Registering precompiled user dll's ...
Registered in 0.007886 seconds.
Begin MonoManager ReloadAssembly
Symbol file LoadedFromMemory doesn't match image C:\Users\pfran\Documents\GitHub\MULT-150\PFrancia_Hour 11\Library\PackageCache\com.unity.visualscripting@1.8.0\Editor\VisualScripting.Core\Dependencies\YamlDotNet\Unity.VisualScripting.YamlDotNet.dll
Symbol file LoadedFromMemory doesn't match image C:\Users\pfran\Documents\GitHub\MULT-150\PFrancia_Hour 11\Library\PackageCache\com.unity.visualscripting@1.8.0\Editor\VisualScripting.Core\Dependencies\DotNetZip\Unity.VisualScripting.IonicZip.dll
Native extension for WindowsStandalone target not found
Refreshing native plugins compatible for Editor in 0.57 ms, found 3 plugins.
Preloading 0 native plugins for Editor in 0.00 ms.
Mono: successfully reloaded assembly
- Completed reload, in  1.203 seconds
Domain Reload Profiling:
	ReloadAssembly (1204ms)
		BeginReloadAssembly (145ms)
			ExecutionOrderSort (0ms)
			DisableScriptedObjects (5ms)
			BackupInstance (0ms)
			ReleaseScriptingObjects (0ms)
			CreateAndSetChildDomain (25ms)
		EndReloadAssembly (921ms)
			LoadAssemblies (116ms)
			RebuildTransferFunctionScriptingTraits (0ms)
			SetupTypeCache (312ms)
			ReleaseScriptCaches (1ms)
			RebuildScriptCaches (57ms)
			SetupLoadedEditorAssemblies (416ms)
				LogAssemblyErrors (0ms)
				InitializePlatformSupportModulesInManaged (6ms)
				SetLoadedEditorAssemblies (0ms)
				RefreshPlugins (1ms)
				BeforeProcessingInitializeOnLoad (98ms)
				ProcessInitializeOnLoadAttributes (277ms)
				ProcessInitializeOnLoadMethodAttributes (22ms)
				AfterProcessingInitializeOnLoad (12ms)
				EditorAssembliesLoaded (0ms)
			ExecutionOrderSort2 (0ms)
			AwakeInstancesAfterBackupRestoration (7ms)
Platform modules already initialized, skipping
========================================================================
Worker process is ready to serve import requests
Launched and connected shader compiler UnityShaderCompiler.exe after 0.08 seconds
Refreshing native plugins compatible for Editor in 0.58 ms, found 3 plugins.
Preloading 0 native plugins for Editor in 0.00 ms.
Unloading 3049 Unused Serialized files (Serialized files now loaded: 0)
Unloading 22 unused Assets / (56.5 KB). Loaded Objects now: 3511.
Memory consumption went from 107.4 MB to 107.4 MB.
Total: 3.300700 ms (FindLiveObjects: 0.299000 ms CreateObjectMapping: 0.094000 ms MarkObjects: 2.784000 ms  DeleteObjects: 0.121900 ms)

AssetImportParameters requested are different than current active one (requested -> active):
  custom:video-decoder-ogg-theora: a1e56fd34408186e4bbccfd4996cb3dc -> 
  custom:container-muxer-webm: aa71ff27fc2769a1b78a27578f13a17b -> 
  custom:container-demuxer-webm: 4f35f7cbe854078d1ac9338744f61a02 -> 
  custom:video-encoder-webm-vp8: eb34c28f22e8b96e1ab97ce403110664 -> 
  custom:audio-encoder-webm-vorbis: bf7c407c2cedff20999df2af8eb42d56 -> 
  custom:framework-win-MediaFoundation: 216162199b28c13a410421893ffa2e32 -> 
  custom:container-demuxer-ogg: 62fdf1f143b41e24485cea50d1cbac27 -> 
  custom:video-decoder-webm-vp8: 9c59270c3fd7afecdb556c50c9e8de78 -> 
  custom:audio-decoder-ogg-vorbis: bf7c407c2cedff20999df2af8eb42d56 -> 
========================================================================
Received Import Request.
  Time since last request: 171052.048048 seconds.
  path: Assets
  artifactKey: Guid(00000000000000001000000000000000) Importer(815301076,1909f56bfc062723c751e8b465ee728b)
Start importing Assets using Guid(00000000000000001000000000000000) Importer(815301076,1909f56bfc062723c751e8b465ee728b)  -> (artifact id: '79842766b460edbeab6a34051e857a80') in 0.008711 seconds 
========================================================================
Received Import Request.
  Time since last request: 5.245369 seconds.
  path: Assets/Materials
  artifactKey: Guid(6506590f8a8c6f24aae208236120403b) Importer(815301076,1909f56bfc062723c751e8b465ee728b)
Start importing Assets/Materials using Guid(6506590f8a8c6f24aae208236120403b) Importer(815301076,1909f56bfc062723c751e8b465ee728b)  -> (artifact id: 'b2ef94d9b519f8601c2cbbfb7dfd368b') in 0.009520 seconds 
========================================================================
Received Import Request.
  Time since last request: 26.311079 seconds.
  path: Assets/Materials/New Material.mat
  artifactKey: Guid(d11e99af98178b349bc152d46b224c10) Importer(815301076,1909f56bfc062723c751e8b465ee728b)
Start importing Assets/Materials/New Material.mat using Guid(d11e99af98178b349bc152d46b224c10) Importer(815301076,1909f56bfc062723c751e8b465ee728b)  -> (artifact id: 'c58797e982728ecf6b19fe8f7533aec8') in 0.238621 seconds 
========================================================================
Received Import Request.
  Time since last request: 17.121208 seconds.
  path: Assets/Materials/New Material 1.mat
  artifactKey: Guid(4685cf48e1a16b24ea285023582cd9d9) Importer(815301076,1909f56bfc062723c751e8b465ee728b)
Start importing Assets/Materials/New Material 1.mat using Guid(4685cf48e1a16b24ea285023582cd9d9) Importer(815301076,1909f56bfc062723c751e8b465ee728b)  -> (artifact id: 'e0f0733e2356e94c54b8ff671b9cb128') in 0.013234 seconds 
========================================================================
Received Import Request.
  Time since last request: 15.219261 seconds.
  path: Assets/Materials/New Material 2.mat
  artifactKey: Guid(4649ca5aaa59cd84791d2aa60b559e78) Importer(815301076,1909f56bfc062723c751e8b465ee728b)
Start importing Assets/Materials/New Material 2.mat using Guid(4649ca5aaa59cd84791d2aa60b559e78) Importer(815301076,1909f56bfc062723c751e8b465ee728b)  -> (artifact id: '8fd3a580dd6cc9bb7202035e5d82b799') in 0.011938 seconds 
========================================================================
Received Import Request.
  Time since last request: 22.564011 seconds.
  path: Assets/Materials/New Material 3.mat
  artifactKey: Guid(e41b0736c43b03741b9f0080f162551a) Importer(815301076,1909f56bfc062723c751e8b465ee728b)
Start importing Assets/Materials/New Material 3.mat using Guid(e41b0736c43b03741b9f0080f162551a) Importer(815301076,1909f56bfc062723c751e8b465ee728b)  -> (artifact id: 'af4c81f9e34105cc9b0f46a272b43dc6') in 0.013731 seconds 
========================================================================
Received Import Request.
  Time since last request: 244.489525 seconds.
  path: Assets/Materials/New Material 4.mat
  artifactKey: Guid(d6cfa30530353504b94019a5e358170a) Importer(815301076,1909f56bfc062723c751e8b465ee728b)
Start importing Assets/Materials/New Material 4.mat using Guid(d6cfa30530353504b94019a5e358170a) Importer(815301076,1909f56bfc062723c751e8b465ee728b)  -> (artifact id: '0c410eba68ebcaadd9f0b50d81f6fe66') in 0.015362 seconds 
========================================================================
Received Import Request.
  Time since last request: 95.589362 seconds.
  path: Assets/Eye Angel.prefab
  artifactKey: Guid(fe504cbbcb2b92a4681748da1e19a3eb) Importer(815301076,1909f56bfc062723c751e8b465ee728b)
Start importing Assets/Eye Angel.prefab using Guid(fe504cbbcb2b92a4681748da1e19a3eb) Importer(815301076,1909f56bfc062723c751e8b465ee728b)  -> (artifact id: 'c24314d24c76223d2d7f7b3f630aa501') in 0.046727 seconds 
========================================================================
Received Import Request.
  Time since last request: 346.461373 seconds.
  path: Assets/Eye Angel.prefab
  artifactKey: Guid(fe504cbbcb2b92a4681748da1e19a3eb) Importer(815301076,1909f56bfc062723c751e8b465ee728b)
Start importing Assets/Eye Angel.prefab using Guid(fe504cbbcb2b92a4681748da1e19a3eb) Importer(815301076,1909f56bfc062723c751e8b465ee728b)  -> (artifact id: '2bf53fbf331df0288bb547b78c23240b') in 0.023034 seconds 
========================================================================
Received Import Request.
  Time since last request: 44.196657 seconds.
  path: Assets/Eye Angel.prefab
  artifactKey: Guid(fe504cbbcb2b92a4681748da1e19a3eb) Importer(815301076,1909f56bfc062723c751e8b465ee728b)
Start importing Assets/Eye Angel.prefab using Guid(fe504cbbcb2b92a4681748da1e19a3eb) Importer(815301076,1909f56bfc062723c751e8b465ee728b)  -> (artifact id: '5a175d0e14881d0d5e015bc10b52ba26') in 0.033534 seconds 
========================================================================
Received Import Request.
  Time since last request: 2.962219 seconds.
  path: Assets/Eye Angel.prefab
  artifactKey: Guid(fe504cbbcb2b92a4681748da1e19a3eb) Importer(815301076,1909f56bfc062723c751e8b465ee728b)
Start importing Assets/Eye Angel.prefab using Guid(fe504cbbcb2b92a4681748da1e19a3eb) Importer(815301076,1909f56bfc062723c751e8b465ee728b)  -> (artifact id: 'a40f58036f9be816e38f2f3e74d79708') in 0.019641 seconds 
========================================================================
Received Import Request.
  Time since last request: 2.918797 seconds.
  path: Assets/Eye Angel.prefab
  artifactKey: Guid(fe504cbbcb2b92a4681748da1e19a3eb) Importer(815301076,1909f56bfc062723c751e8b465ee728b)
Start importing Assets/Eye Angel.prefab using Guid(fe504cbbcb2b92a4681748da1e19a3eb) Importer(815301076,1909f56bfc062723c751e8b465ee728b)  -> (artifact id: '1e9db9c014667646dcca49c2c3bef776') in 0.018988 seconds 
========================================================================
Received Import Request.
  Time since last request: 2.301786 seconds.
  path: Assets/Eye Angel.prefab
  artifactKey: Guid(fe504cbbcb2b92a4681748da1e19a3eb) Importer(815301076,1909f56bfc062723c751e8b465ee728b)
Start importing Assets/Eye Angel.prefab using Guid(fe504cbbcb2b92a4681748da1e19a3eb) Importer(815301076,1909f56bfc062723c751e8b465ee728b)  -> (artifact id: 'db3f577c2d2a17e0cb7b3d8847a49e9c') in 0.018174 seconds 
========================================================================
Received Import Request.
  Time since last request: 4.213695 seconds.
  path: Assets/Eye Angel.prefab
  artifactKey: Guid(fe504cbbcb2b92a4681748da1e19a3eb) Importer(815301076,1909f56bfc062723c751e8b465ee728b)
Start importing Assets/Eye Angel.prefab using Guid(fe504cbbcb2b92a4681748da1e19a3eb) Importer(815301076,1909f56bfc062723c751e8b465ee728b)  -> (artifact id: '82e22eb3cc3a06821e322d391085a405') in 0.022092 seconds 
========================================================================
Received Import Request.
  Time since last request: 25.286880 seconds.
  path: Assets/Eye Angel.prefab
  artifactKey: Guid(fe504cbbcb2b92a4681748da1e19a3eb) Importer(815301076,1909f56bfc062723c751e8b465ee728b)
Start importing Assets/Eye Angel.prefab using Guid(fe504cbbcb2b92a4681748da1e19a3eb) Importer(815301076,1909f56bfc062723c751e8b465ee728b)  -> (artifact id: 'b683098ecbb3b3451edff724bd055c8a') in 0.016314 seconds 
========================================================================
Received Import Request.
  Time since last request: 132.739295 seconds.
  path: Assets/Eye Angel Variant.prefab
  artifactKey: Guid(a717b9ad77b3b3c498706b453e19d2b0) Importer(815301076,1909f56bfc062723c751e8b465ee728b)
Start importing Assets/Eye Angel Variant.prefab using Guid(a717b9ad77b3b3c498706b453e19d2b0) Importer(815301076,1909f56bfc062723c751e8b465ee728b)  -> (artifact id: '45ff4b1797b93212cc82e548f3a6ae94') in 0.020920 seconds 
========================================================================
Received Import Request.
  Time since last request: 51.257244 seconds.
  path: Assets/Materials/New Material 5.mat
  artifactKey: Guid(6af880eb3ef17bc4681b87a55d2e628f) Importer(815301076,1909f56bfc062723c751e8b465ee728b)
Start importing Assets/Materials/New Material 5.mat using Guid(6af880eb3ef17bc4681b87a55d2e628f) Importer(815301076,1909f56bfc062723c751e8b465ee728b)  -> (artifact id: '7f4f9cbaf4d227a3f93ece2e00a529a1') in 0.011620 seconds 
========================================================================
Received Import Request.
  Time since last request: 40.608787 seconds.
  path: Assets/Eye Angel Variant.prefab
  artifactKey: Guid(a717b9ad77b3b3c498706b453e19d2b0) Importer(815301076,1909f56bfc062723c751e8b465ee728b)
Start importing Assets/Eye Angel Variant.prefab using Guid(a717b9ad77b3b3c498706b453e19d2b0) Importer(815301076,1909f56bfc062723c751e8b465ee728b)  -> (artifact id: 'a7644f6b9937b0be363916a66f1b6e45') in 0.014506 seconds 
========================================================================
Received Import Request.
  Time since last request: 0.000022 seconds.
  path: Assets/Eye Angel.prefab
  artifactKey: Guid(fe504cbbcb2b92a4681748da1e19a3eb) Importer(815301076,1909f56bfc062723c751e8b465ee728b)
Start importing Assets/Eye Angel.prefab using Guid(fe504cbbcb2b92a4681748da1e19a3eb) Importer(815301076,1909f56bfc062723c751e8b465ee728b)  -> (artifact id: '338fbb6be4cf3931cd3ef27955d7deed') in 0.022441 seconds 
========================================================================
Received Import Request.
  Time since last request: 178.935807 seconds.
  path: Assets/Eye Angel Variant.prefab
  artifactKey: Guid(a717b9ad77b3b3c498706b453e19d2b0) Importer(815301076,1909f56bfc062723c751e8b465ee728b)
Start importing Assets/Eye Angel Variant.prefab using Guid(a717b9ad77b3b3c498706b453e19d2b0) Importer(815301076,1909f56bfc062723c751e8b465ee728b)  -> (artifact id: '21417b8c9f46fa684e64898973227968') in 0.017594 seconds 
========================================================================
Received Import Request.
  Time since last request: 18.432120 seconds.
  path: Assets/PrefabGenerator.cs
  artifactKey: Guid(3b1dd53e13d9b294ea82cc63f10b2904) Importer(815301076,1909f56bfc062723c751e8b465ee728b)
Start importing Assets/PrefabGenerator.cs using Guid(3b1dd53e13d9b294ea82cc63f10b2904) Importer(815301076,1909f56bfc062723c751e8b465ee728b)  -> (artifact id: '5673dd326a2cb2551cedc4af90a617a4') in 0.018023 seconds 
========================================================================
Received Prepare
Registering precompiled user dll's ...
Registered in 0.009196 seconds.
Begin MonoManager ReloadAssembly
Symbol file LoadedFromMemory doesn't match image C:\Users\pfran\Documents\GitHub\MULT-150\PFrancia_Hour 11\Library\PackageCache\com.unity.visualscripting@1.8.0\Editor\VisualScripting.Core\Dependencies\YamlDotNet\Unity.VisualScripting.YamlDotNet.dll
Symbol file LoadedFromMemory doesn't match image C:\Users\pfran\Documents\GitHub\MULT-150\PFrancia_Hour 11\Library\PackageCache\com.unity.visualscripting@1.8.0\Editor\VisualScripting.Core\Dependencies\DotNetZip\Unity.VisualScripting.IonicZip.dll
Native extension for WindowsStandalone target not found
Refreshing native plugins compatible for Editor in 0.59 ms, found 3 plugins.
Preloading 0 native plugins for Editor in 0.00 ms.
Mono: successfully reloaded assembly
- Completed reload, in  1.268 seconds
Domain Reload Profiling:
	ReloadAssembly (1270ms)
		BeginReloadAssembly (281ms)
			ExecutionOrderSort (0ms)
			DisableScriptedObjects (4ms)
			BackupInstance (0ms)
			ReleaseScriptingObjects (0ms)
			CreateAndSetChildDomain (64ms)
		EndReloadAssembly (833ms)
			LoadAssemblies (200ms)
			RebuildTransferFunctionScriptingTraits (0ms)
			SetupTypeCache (286ms)
			ReleaseScriptCaches (1ms)
			RebuildScriptCaches (43ms)
			SetupLoadedEditorAssemblies (358ms)
				LogAssemblyErrors (0ms)
				InitializePlatformSupportModulesInManaged (6ms)
				SetLoadedEditorAssemblies (2ms)
				RefreshPlugins (1ms)
				BeforeProcessingInitializeOnLoad (77ms)
				ProcessInitializeOnLoadAttributes (232ms)
				ProcessInitializeOnLoadMethodAttributes (24ms)
				AfterProcessingInitializeOnLoad (17ms)
				EditorAssembliesLoaded (0ms)
			ExecutionOrderSort2 (0ms)
			AwakeInstancesAfterBackupRestoration (8ms)
Platform modules already initialized, skipping
Refreshing native plugins compatible for Editor in 2.08 ms, found 3 plugins.
Preloading 0 native plugins for Editor in 0.00 ms.
Unloading 3043 Unused Serialized files (Serialized files now loaded: 0)
Unloading 15 unused Assets / (24.6 KB). Loaded Objects now: 3559.
Memory consumption went from 111.9 MB to 111.9 MB.
Total: 5.547900 ms (FindLiveObjects: 0.387800 ms CreateObjectMapping: 0.189000 ms MarkObjects: 4.891600 ms  DeleteObjects: 0.077800 ms)

AssetImportParameters requested are different than current active one (requested -> active):
  custom:video-decoder-ogg-theora: a1e56fd34408186e4bbccfd4996cb3dc -> 
  custom:container-muxer-webm: aa71ff27fc2769a1b78a27578f13a17b -> 
  custom:container-demuxer-webm: 4f35f7cbe854078d1ac9338744f61a02 -> 
  custom:video-encoder-webm-vp8: eb34c28f22e8b96e1ab97ce403110664 -> 
  custom:audio-encoder-webm-vorbis: bf7c407c2cedff20999df2af8eb42d56 -> 
  custom:framework-win-MediaFoundation: 216162199b28c13a410421893ffa2e32 -> 
  custom:container-demuxer-ogg: 62fdf1f143b41e24485cea50d1cbac27 -> 
  custom:video-decoder-webm-vp8: 9c59270c3fd7afecdb556c50c9e8de78 -> 
  custom:audio-decoder-ogg-vorbis: bf7c407c2cedff20999df2af8eb42d56 -> 
========================================================================
Received Prepare
Registering precompiled user dll's ...
Registered in 0.007233 seconds.
Begin MonoManager ReloadAssembly
Symbol file LoadedFromMemory doesn't match image C:\Users\pfran\Documents\GitHub\MULT-150\PFrancia_Hour 11\Library\PackageCache\com.unity.visualscripting@1.8.0\Editor\VisualScripting.Core\Dependencies\YamlDotNet\Unity.VisualScripting.YamlDotNet.dll
Symbol file LoadedFromMemory doesn't match image C:\Users\pfran\Documents\GitHub\MULT-150\PFrancia_Hour 11\Library\PackageCache\com.unity.visualscripting@1.8.0\Editor\VisualScripting.Core\Dependencies\DotNetZip\Unity.VisualScripting.IonicZip.dll
Native extension for WindowsStandalone target not found
Refreshing native plugins compatible for Editor in 0.87 ms, found 3 plugins.
Preloading 0 native plugins for Editor in 0.00 ms.
Mono: successfully reloaded assembly
- Completed reload, in  1.107 seconds
Domain Reload Profiling:
	ReloadAssembly (1108ms)
		BeginReloadAssembly (160ms)
			ExecutionOrderSort (0ms)
			DisableScriptedObjects (7ms)
			BackupInstance (0ms)
			ReleaseScriptingObjects (0ms)
			CreateAndSetChildDomain (36ms)
		EndReloadAssembly (831ms)
			LoadAssemblies (111ms)
			RebuildTransferFunctionScriptingTraits (0ms)
			SetupTypeCache (304ms)
			ReleaseScriptCaches (1ms)
			RebuildScriptCaches (49ms)
			SetupLoadedEditorAssemblies (333ms)
				LogAssemblyErrors (0ms)
				InitializePlatformSupportModulesInManaged (7ms)
				SetLoadedEditorAssemblies (0ms)
				RefreshPlugins (1ms)
				BeforeProcessingInitializeOnLoad (78ms)
				ProcessInitializeOnLoadAttributes (213ms)
				ProcessInitializeOnLoadMethodAttributes (20ms)
				AfterProcessingInitializeOnLoad (13ms)
				EditorAssembliesLoaded (0ms)
			ExecutionOrderSort2 (0ms)
			AwakeInstancesAfterBackupRestoration (7ms)
Platform modules already initialized, skipping
Refreshing native plugins compatible for Editor in 2.17 ms, found 3 plugins.
Preloading 0 native plugins for Editor in 0.00 ms.
Unloading 3043 Unused Serialized files (Serialized files now loaded: 0)
Unloading 15 unused Assets / (24.7 KB). Loaded Objects now: 3562.
Memory consumption went from 111.9 MB to 111.9 MB.
Total: 3.948800 ms (FindLiveObjects: 0.307900 ms CreateObjectMapping: 0.088800 ms MarkObjects: 3.504100 ms  DeleteObjects: 0.046200 ms)

AssetImportParameters requested are different than current active one (requested -> active):
  custom:video-decoder-ogg-theora: a1e56fd34408186e4bbccfd4996cb3dc -> 
  custom:container-muxer-webm: aa71ff27fc2769a1b78a27578f13a17b -> 
  custom:container-demuxer-webm: 4f35f7cbe854078d1ac9338744f61a02 -> 
  custom:video-encoder-webm-vp8: eb34c28f22e8b96e1ab97ce403110664 -> 
  custom:audio-encoder-webm-vorbis: bf7c407c2cedff20999df2af8eb42d56 -> 
  custom:framework-win-MediaFoundation: 216162199b28c13a410421893ffa2e32 -> 
  custom:container-demuxer-ogg: 62fdf1f143b41e24485cea50d1cbac27 -> 
  custom:video-decoder-webm-vp8: 9c59270c3fd7afecdb556c50c9e8de78 -> 
  custom:audio-decoder-ogg-vorbis: bf7c407c2cedff20999df2af8eb42d56 -> 
========================================================================
Received Prepare
Registering precompiled user dll's ...
Registered in 0.007256 seconds.
Begin MonoManager ReloadAssembly
Symbol file LoadedFromMemory doesn't match image C:\Users\pfran\Documents\GitHub\MULT-150\PFrancia_Hour 11\Library\PackageCache\com.unity.visualscripting@1.8.0\Editor\VisualScripting.Core\Dependencies\YamlDotNet\Unity.VisualScripting.YamlDotNet.dll
Symbol file LoadedFromMemory doesn't match image C:\Users\pfran\Documents\GitHub\MULT-150\PFrancia_Hour 11\Library\PackageCache\com.unity.visualscripting@1.8.0\Editor\VisualScripting.Core\Dependencies\DotNetZip\Unity.VisualScripting.IonicZip.dll
Native extension for WindowsStandalone target not found
Refreshing native plugins compatible for Editor in 1.24 ms, found 3 plugins.
Preloading 0 native plugins for Editor in 0.00 ms.
Mono: successfully reloaded assembly
- Completed reload, in  2.019 seconds
Domain Reload Profiling:
	ReloadAssembly (2019ms)
		BeginReloadAssembly (175ms)
			ExecutionOrderSort (0ms)
			DisableScriptedObjects (6ms)
			BackupInstance (0ms)
			ReleaseScriptingObjects (0ms)
			CreateAndSetChildDomain (39ms)
		EndReloadAssembly (1624ms)
			LoadAssemblies (208ms)
			RebuildTransferFunctionScriptingTraits (0ms)
			SetupTypeCache (638ms)
			ReleaseScriptCaches (3ms)
			RebuildScriptCaches (85ms)
			SetupLoadedEditorAssemblies (600ms)
				LogAssemblyErrors (0ms)
				InitializePlatformSupportModulesInManaged (15ms)
				SetLoadedEditorAssemblies (1ms)
				RefreshPlugins (1ms)
				BeforeProcessingInitializeOnLoad (133ms)
				ProcessInitializeOnLoadAttributes (406ms)
				ProcessInitializeOnLoadMethodAttributes (32ms)
				AfterProcessingInitializeOnLoad (11ms)
				EditorAssembliesLoaded (0ms)
			ExecutionOrderSort2 (0ms)
			AwakeInstancesAfterBackupRestoration (9ms)
Platform modules already initialized, skipping
Refreshing native plugins compatible for Editor in 2.16 ms, found 3 plugins.
Preloading 0 native plugins for Editor in 0.00 ms.
Unloading 3043 Unused Serialized files (Serialized files now loaded: 0)
Unloading 15 unused Assets / (24.6 KB). Loaded Objects now: 3565.
Memory consumption went from 111.9 MB to 111.9 MB.
Total: 5.092800 ms (FindLiveObjects: 0.275900 ms CreateObjectMapping: 0.084800 ms MarkObjects: 4.698000 ms  DeleteObjects: 0.032600 ms)

AssetImportParameters requested are different than current active one (requested -> active):
  custom:video-decoder-ogg-theora: a1e56fd34408186e4bbccfd4996cb3dc -> 
  custom:container-muxer-webm: aa71ff27fc2769a1b78a27578f13a17b -> 
  custom:container-demuxer-webm: 4f35f7cbe854078d1ac9338744f61a02 -> 
  custom:video-encoder-webm-vp8: eb34c28f22e8b96e1ab97ce403110664 -> 
  custom:audio-encoder-webm-vorbis: bf7c407c2cedff20999df2af8eb42d56 -> 
  custom:framework-win-MediaFoundation: 216162199b28c13a410421893ffa2e32 -> 
  custom:container-demuxer-ogg: 62fdf1f143b41e24485cea50d1cbac27 -> 
  custom:video-decoder-webm-vp8: 9c59270c3fd7afecdb556c50c9e8de78 -> 
  custom:audio-decoder-ogg-vorbis: bf7c407c2cedff20999df2af8eb42d56 -> 
========================================================================
Received Prepare
Registering precompiled user dll's ...
Registered in 0.009010 seconds.
Begin MonoManager ReloadAssembly
Symbol file LoadedFromMemory doesn't match image C:\Users\pfran\Documents\GitHub\MULT-150\PFrancia_Hour 11\Library\PackageCache\com.unity.visualscripting@1.8.0\Editor\VisualScripting.Core\Dependencies\YamlDotNet\Unity.VisualScripting.YamlDotNet.dll
Symbol file LoadedFromMemory doesn't match image C:\Users\pfran\Documents\GitHub\MULT-150\PFrancia_Hour 11\Library\PackageCache\com.unity.visualscripting@1.8.0\Editor\VisualScripting.Core\Dependencies\DotNetZip\Unity.VisualScripting.IonicZip.dll
Native extension for WindowsStandalone target not found
Refreshing native plugins compatible for Editor in 0.82 ms, found 3 plugins.
Preloading 0 native plugins for Editor in 0.00 ms.
Mono: successfully reloaded assembly
- Completed reload, in  1.261 seconds
Domain Reload Profiling:
	ReloadAssembly (1261ms)
		BeginReloadAssembly (198ms)
			ExecutionOrderSort (0ms)
			DisableScriptedObjects (6ms)
			BackupInstance (0ms)
			ReleaseScriptingObjects (0ms)
			CreateAndSetChildDomain (39ms)
		EndReloadAssembly (920ms)
			LoadAssemblies (177ms)
			RebuildTransferFunctionScriptingTraits (0ms)
			SetupTypeCache (361ms)
			ReleaseScriptCaches (1ms)
			RebuildScriptCaches (44ms)
			SetupLoadedEditorAssemblies (336ms)
				LogAssemblyErrors (0ms)
				InitializePlatformSupportModulesInManaged (7ms)
				SetLoadedEditorAssemblies (0ms)
				RefreshPlugins (1ms)
				BeforeProcessingInitializeOnLoad (77ms)
				ProcessInitializeOnLoadAttributes (216ms)
				ProcessInitializeOnLoadMethodAttributes (21ms)
				AfterProcessingInitializeOnLoad (12ms)
				EditorAssembliesLoaded (0ms)
			ExecutionOrderSort2 (0ms)
			AwakeInstancesAfterBackupRestoration (6ms)
Platform modules already initialized, skipping
Refreshing native plugins compatible for Editor in 2.74 ms, found 3 plugins.
Preloading 0 native plugins for Editor in 0.00 ms.
Unloading 3043 Unused Serialized files (Serialized files now loaded: 0)
Unloading 15 unused Assets / (24.7 KB). Loaded Objects now: 3568.
Memory consumption went from 111.9 MB to 111.9 MB.
Total: 3.026800 ms (FindLiveObjects: 0.288900 ms CreateObjectMapping: 0.087500 ms MarkObjects: 2.614400 ms  DeleteObjects: 0.034400 ms)

AssetImportParameters requested are different than current active one (requested -> active):
  custom:video-decoder-ogg-theora: a1e56fd34408186e4bbccfd4996cb3dc -> 
  custom:container-muxer-webm: aa71ff27fc2769a1b78a27578f13a17b -> 
  custom:container-demuxer-webm: 4f35f7cbe854078d1ac9338744f61a02 -> 
  custom:video-encoder-webm-vp8: eb34c28f22e8b96e1ab97ce403110664 -> 
  custom:audio-encoder-webm-vorbis: bf7c407c2cedff20999df2af8eb42d56 -> 
  custom:framework-win-MediaFoundation: 216162199b28c13a410421893ffa2e32 -> 
  custom:container-demuxer-ogg: 62fdf1f143b41e24485cea50d1cbac27 -> 
  custom:video-decoder-webm-vp8: 9c59270c3fd7afecdb556c50c9e8de78 -> 
  custom:audio-decoder-ogg-vorbis: bf7c407c2cedff20999df2af8eb42d56 -> 
========================================================================
Received Prepare
Registering precompiled user dll's ...
Registered in 0.015709 seconds.
Begin MonoManager ReloadAssembly
Symbol file LoadedFromMemory doesn't match image C:\Users\pfran\Documents\GitHub\MULT-150\PFrancia_Hour 11\Library\PackageCache\com.unity.visualscripting@1.8.0\Editor\VisualScripting.Core\Dependencies\YamlDotNet\Unity.VisualScripting.YamlDotNet.dll
Symbol file LoadedFromMemory doesn't match image C:\Users\pfran\Documents\GitHub\MULT-150\PFrancia_Hour 11\Library\PackageCache\com.unity.visualscripting@1.8.0\Editor\VisualScripting.Core\Dependencies\DotNetZip\Unity.VisualScripting.IonicZip.dll
Native extension for WindowsStandalone target not found
Refreshing native plugins compatible for Editor in 2.44 ms, found 3 plugins.
Preloading 0 native plugins for Editor in 0.00 ms.
Mono: successfully reloaded assembly
- Completed reload, in  2.054 seconds
Domain Reload Profiling:
	ReloadAssembly (2055ms)
		BeginReloadAssembly (190ms)
			ExecutionOrderSort (0ms)
			DisableScriptedObjects (7ms)
			BackupInstance (0ms)
			ReleaseScriptingObjects (0ms)
			CreateAndSetChildDomain (41ms)
		EndReloadAssembly (1604ms)
			LoadAssemblies (190ms)
			RebuildTransferFunctionScriptingTraits (0ms)
			SetupTypeCache (566ms)
			ReleaseScriptCaches (2ms)
			RebuildScriptCaches (90ms)
			SetupLoadedEditorAssemblies (652ms)
				LogAssemblyErrors (0ms)
				InitializePlatformSupportModulesInManaged (17ms)
				SetLoadedEditorAssemblies (1ms)
				RefreshPlugins (3ms)
				BeforeProcessingInitializeOnLoad (132ms)
				ProcessInitializeOnLoadAttributes (442ms)
				ProcessInitializeOnLoadMethodAttributes (38ms)
				AfterProcessingInitializeOnLoad (20ms)
				EditorAssembliesLoaded (0ms)
			ExecutionOrderSort2 (0ms)
			AwakeInstancesAfterBackupRestoration (13ms)
Platform modules already initialized, skipping
Refreshing native plugins compatible for Editor in 3.21 ms, found 3 plugins.
Preloading 0 native plugins for Editor in 0.00 ms.
Unloading 3043 Unused Serialized files (Serialized files now loaded: 0)
Unloading 15 unused Assets / (24.6 KB). Loaded Objects now: 3571.
Memory consumption went from 111.9 MB to 111.9 MB.
Total: 30.567400 ms (FindLiveObjects: 0.391500 ms CreateObjectMapping: 0.096100 ms MarkObjects: 30.045400 ms  DeleteObjects: 0.032600 ms)

AssetImportParameters requested are different than current active one (requested -> active):
  custom:video-decoder-ogg-theora: a1e56fd34408186e4bbccfd4996cb3dc -> 
  custom:container-muxer-webm: aa71ff27fc2769a1b78a27578f13a17b -> 
  custom:container-demuxer-webm: 4f35f7cbe854078d1ac9338744f61a02 -> 
  custom:video-encoder-webm-vp8: eb34c28f22e8b96e1ab97ce403110664 -> 
  custom:audio-encoder-webm-vorbis: bf7c407c2cedff20999df2af8eb42d56 -> 
  custom:framework-win-MediaFoundation: 216162199b28c13a410421893ffa2e32 -> 
  custom:container-demuxer-ogg: 62fdf1f143b41e24485cea50d1cbac27 -> 
  custom:video-decoder-webm-vp8: 9c59270c3fd7afecdb556c50c9e8de78 -> 
  custom:audio-decoder-ogg-vorbis: bf7c407c2cedff20999df2af8eb42d56 -> 
========================================================================
Received Prepare
Registering precompiled user dll's ...
Registered in 0.006811 seconds.
Begin MonoManager ReloadAssembly
Symbol file LoadedFromMemory doesn't match image C:\Users\pfran\Documents\GitHub\MULT-150\PFrancia_Hour 11\Library\PackageCache\com.unity.visualscripting@1.8.0\Editor\VisualScripting.Core\Dependencies\YamlDotNet\Unity.VisualScripting.YamlDotNet.dll
Symbol file LoadedFromMemory doesn't match image C:\Users\pfran\Documents\GitHub\MULT-150\PFrancia_Hour 11\Library\PackageCache\com.unity.visualscripting@1.8.0\Editor\VisualScripting.Core\Dependencies\DotNetZip\Unity.VisualScripting.IonicZip.dll
Native extension for WindowsStandalone target not found
Refreshing native plugins compatible for Editor in 0.58 ms, found 3 plugins.
Preloading 0 native plugins for Editor in 0.00 ms.
Mono: successfully reloaded assembly
- Completed reload, in  1.562 seconds
Domain Reload Profiling:
	ReloadAssembly (1563ms)
		BeginReloadAssembly (185ms)
			ExecutionOrderSort (0ms)
			DisableScriptedObjects (6ms)
			BackupInstance (0ms)
			ReleaseScriptingObjects (0ms)
			CreateAndSetChildDomain (54ms)
		EndReloadAssembly (1126ms)
			LoadAssemblies (165ms)
			RebuildTransferFunctionScriptingTraits (0ms)
			SetupTypeCache (307ms)
			ReleaseScriptCaches (1ms)
			RebuildScriptCaches (43ms)
			SetupLoadedEditorAssemblies (343ms)
				LogAssemblyErrors (0ms)
				InitializePlatformSupportModulesInManaged (8ms)
				SetLoadedEditorAssemblies (0ms)
				RefreshPlugins (1ms)
				BeforeProcessingInitializeOnLoad (85ms)
				ProcessInitializeOnLoadAttributes (213ms)
				ProcessInitializeOnLoadMethodAttributes (19ms)
				AfterProcessingInitializeOnLoad (16ms)
				EditorAssembliesLoaded (0ms)
			ExecutionOrderSort2 (0ms)
			AwakeInstancesAfterBackupRestoration (149ms)
Platform modules already initialized, skipping
Refreshing native plugins compatible for Editor in 2.19 ms, found 3 plugins.
Preloading 0 native plugins for Editor in 0.00 ms.
Unloading 3043 Unused Serialized files (Serialized files now loaded: 0)
Unloading 15 unused Assets / (24.6 KB). Loaded Objects now: 3574.
Memory consumption went from 111.9 MB to 111.9 MB.
Total: 3.808100 ms (FindLiveObjects: 0.320000 ms CreateObjectMapping: 0.104000 ms MarkObjects: 3.347200 ms  DeleteObjects: 0.035400 ms)

AssetImportParameters requested are different than current active one (requested -> active):
  custom:video-decoder-ogg-theora: a1e56fd34408186e4bbccfd4996cb3dc -> 
  custom:container-muxer-webm: aa71ff27fc2769a1b78a27578f13a17b -> 
  custom:container-demuxer-webm: 4f35f7cbe854078d1ac9338744f61a02 -> 
  custom:video-encoder-webm-vp8: eb34c28f22e8b96e1ab97ce403110664 -> 
  custom:audio-encoder-webm-vorbis: bf7c407c2cedff20999df2af8eb42d56 -> 
  custom:framework-win-MediaFoundation: 216162199b28c13a410421893ffa2e32 -> 
  custom:container-demuxer-ogg: 62fdf1f143b41e24485cea50d1cbac27 -> 
  custom:video-decoder-webm-vp8: 9c59270c3fd7afecdb556c50c9e8de78 -> 
  custom:audio-decoder-ogg-vorbis: bf7c407c2cedff20999df2af8eb42d56 -> 
========================================================================
Received Import Request.
  Time since last request: 1267.467971 seconds.
  path: Assets/PrefabGenerator.cs
  artifactKey: Guid(3b1dd53e13d9b294ea82cc63f10b2904) Importer(815301076,1909f56bfc062723c751e8b465ee728b)
Start importing Assets/PrefabGenerator.cs using Guid(3b1dd53e13d9b294ea82cc63f10b2904) Importer(815301076,1909f56bfc062723c751e8b465ee728b)  -> (artifact id: '122672e660bcf64129c18f135e731c86') in 0.008530 seconds 
========================================================================
Received Prepare
Registering precompiled user dll's ...
Registered in 0.008610 seconds.
Begin MonoManager ReloadAssembly
Symbol file LoadedFromMemory doesn't match image C:\Users\pfran\Documents\GitHub\MULT-150\PFrancia_Hour 11\Library\PackageCache\com.unity.visualscripting@1.8.0\Editor\VisualScripting.Core\Dependencies\YamlDotNet\Unity.VisualScripting.YamlDotNet.dll
Symbol file LoadedFromMemory doesn't match image C:\Users\pfran\Documents\GitHub\MULT-150\PFrancia_Hour 11\Library\PackageCache\com.unity.visualscripting@1.8.0\Editor\VisualScripting.Core\Dependencies\DotNetZip\Unity.VisualScripting.IonicZip.dll
Native extension for WindowsStandalone target not found
Refreshing native plugins compatible for Editor in 1.10 ms, found 3 plugins.
Preloading 0 native plugins for Editor in 0.00 ms.
Mono: successfully reloaded assembly
- Completed reload, in  2.085 seconds
Domain Reload Profiling:
	ReloadAssembly (2086ms)
		BeginReloadAssembly (175ms)
			ExecutionOrderSort (0ms)
			DisableScriptedObjects (6ms)
			BackupInstance (0ms)
			ReleaseScriptingObjects (0ms)
			CreateAndSetChildDomain (44ms)
		EndReloadAssembly (1780ms)
			LoadAssemblies (160ms)
			RebuildTransferFunctionScriptingTraits (0ms)
			SetupTypeCache (742ms)
			ReleaseScriptCaches (2ms)
			RebuildScriptCaches (88ms)
			SetupLoadedEditorAssemblies (639ms)
				LogAssemblyErrors (0ms)
				InitializePlatformSupportModulesInManaged (12ms)
				SetLoadedEditorAssemblies (1ms)
				RefreshPlugins (1ms)
				BeforeProcessingInitializeOnLoad (137ms)
				ProcessInitializeOnLoadAttributes (425ms)
				ProcessInitializeOnLoadMethodAttributes (44ms)
				AfterProcessingInitializeOnLoad (20ms)
				EditorAssembliesLoaded (0ms)
			ExecutionOrderSort2 (0ms)
			AwakeInstancesAfterBackupRestoration (15ms)
Platform modules already initialized, skipping
Refreshing native plugins compatible for Editor in 2.71 ms, found 3 plugins.
Preloading 0 native plugins for Editor in 0.00 ms.
Unloading 3043 Unused Serialized files (Serialized files now loaded: 0)
Unloading 15 unused Assets / (24.6 KB). Loaded Objects now: 3577.
Memory consumption went from 112.0 MB to 111.9 MB.
Total: 3.228500 ms (FindLiveObjects: 0.378700 ms CreateObjectMapping: 0.126800 ms MarkObjects: 2.683500 ms  DeleteObjects: 0.037800 ms)

AssetImportParameters requested are different than current active one (requested -> active):
  custom:video-decoder-ogg-theora: a1e56fd34408186e4bbccfd4996cb3dc -> 
  custom:container-muxer-webm: aa71ff27fc2769a1b78a27578f13a17b -> 
  custom:container-demuxer-webm: 4f35f7cbe854078d1ac9338744f61a02 -> 
  custom:video-encoder-webm-vp8: eb34c28f22e8b96e1ab97ce403110664 -> 
  custom:audio-encoder-webm-vorbis: bf7c407c2cedff20999df2af8eb42d56 -> 
  custom:framework-win-MediaFoundation: 216162199b28c13a410421893ffa2e32 -> 
  custom:container-demuxer-ogg: 62fdf1f143b41e24485cea50d1cbac27 -> 
  custom:video-decoder-webm-vp8: 9c59270c3fd7afecdb556c50c9e8de78 -> 
  custom:audio-decoder-ogg-vorbis: bf7c407c2cedff20999df2af8eb42d56 -> 
========================================================================
Received Prepare
Registering precompiled user dll's ...
Registered in 0.007919 seconds.
Begin MonoManager ReloadAssembly
Symbol file LoadedFromMemory doesn't match image C:\Users\pfran\Documents\GitHub\MULT-150\PFrancia_Hour 11\Library\PackageCache\com.unity.visualscripting@1.8.0\Editor\VisualScripting.Core\Dependencies\YamlDotNet\Unity.VisualScripting.YamlDotNet.dll
Symbol file LoadedFromMemory doesn't match image C:\Users\pfran\Documents\GitHub\MULT-150\PFrancia_Hour 11\Library\PackageCache\com.unity.visualscripting@1.8.0\Editor\VisualScripting.Core\Dependencies\DotNetZip\Unity.VisualScripting.IonicZip.dll
Native extension for WindowsStandalone target not found
Refreshing native plugins compatible for Editor in 1.11 ms, found 3 plugins.
Preloading 0 native plugins for Editor in 0.00 ms.
Mono: successfully reloaded assembly
- Completed reload, in  1.934 seconds
Domain Reload Profiling:
	ReloadAssembly (1935ms)
		BeginReloadAssembly (263ms)
			ExecutionOrderSort (0ms)
			DisableScriptedObjects (6ms)
			BackupInstance (0ms)
			ReleaseScriptingObjects (0ms)
			CreateAndSetChildDomain (46ms)
		EndReloadAssembly (1428ms)
			LoadAssemblies (230ms)
			RebuildTransferFunctionScriptingTraits (0ms)
			SetupTypeCache (557ms)
			ReleaseScriptCaches (4ms)
			RebuildScriptCaches (90ms)
			SetupLoadedEditorAssemblies (504ms)
				LogAssemblyErrors (0ms)
				InitializePlatformSupportModulesInManaged (10ms)
				SetLoadedEditorAssemblies (1ms)
				RefreshPlugins (1ms)
				BeforeProcessingInitializeOnLoad (128ms)
				ProcessInitializeOnLoadAttributes (293ms)
				ProcessInitializeOnLoadMethodAttributes (48ms)
				AfterProcessingInitializeOnLoad (23ms)
				EditorAssembliesLoaded (0ms)
			ExecutionOrderSort2 (0ms)
			AwakeInstancesAfterBackupRestoration (22ms)
Platform modules already initialized, skipping
Refreshing native plugins compatible for Editor in 2.12 ms, found 3 plugins.
Preloading 0 native plugins for Editor in 0.00 ms.
Unloading 3043 Unused Serialized files (Serialized files now loaded: 0)
Unloading 15 unused Assets / (24.6 KB). Loaded Objects now: 3580.
Memory consumption went from 112.0 MB to 111.9 MB.
Total: 3.438400 ms (FindLiveObjects: 0.367300 ms CreateObjectMapping: 0.184500 ms MarkObjects: 2.852400 ms  DeleteObjects: 0.032400 ms)

AssetImportParameters requested are different than current active one (requested -> active):
  custom:video-decoder-ogg-theora: a1e56fd34408186e4bbccfd4996cb3dc -> 
  custom:container-muxer-webm: aa71ff27fc2769a1b78a27578f13a17b -> 
  custom:container-demuxer-webm: 4f35f7cbe854078d1ac9338744f61a02 -> 
  custom:video-encoder-webm-vp8: eb34c28f22e8b96e1ab97ce403110664 -> 
  custom:audio-encoder-webm-vorbis: bf7c407c2cedff20999df2af8eb42d56 -> 
  custom:framework-win-MediaFoundation: 216162199b28c13a410421893ffa2e32 -> 
  custom:container-demuxer-ogg: 62fdf1f143b41e24485cea50d1cbac27 -> 
  custom:video-decoder-webm-vp8: 9c59270c3fd7afecdb556c50c9e8de78 -> 
  custom:audio-decoder-ogg-vorbis: bf7c407c2cedff20999df2af8eb42d56 -> 
========================================================================
Received Prepare
Registering precompiled user dll's ...
Registered in 0.007734 seconds.
Begin MonoManager ReloadAssembly
Symbol file LoadedFromMemory doesn't match image C:\Users\pfran\Documents\GitHub\MULT-150\PFrancia_Hour 11\Library\PackageCache\com.unity.visualscripting@1.8.0\Editor\VisualScripting.Core\Dependencies\YamlDotNet\Unity.VisualScripting.YamlDotNet.dll
Symbol file LoadedFromMemory doesn't match image C:\Users\pfran\Documents\GitHub\MULT-150\PFrancia_Hour 11\Library\PackageCache\com.unity.visualscripting@1.8.0\Editor\VisualScripting.Core\Dependencies\DotNetZip\Unity.VisualScripting.IonicZip.dll
Native extension for WindowsStandalone target not found
Refreshing native plugins compatible for Editor in 0.61 ms, found 3 plugins.
Preloading 0 native plugins for Editor in 0.00 ms.
Mono: successfully reloaded assembly
- Completed reload, in  1.353 seconds
Domain Reload Profiling:
	ReloadAssembly (1353ms)
		BeginReloadAssembly (188ms)
			ExecutionOrderSort (0ms)
			DisableScriptedObjects (5ms)
			BackupInstance (0ms)
			ReleaseScriptingObjects (0ms)
			CreateAndSetChildDomain (47ms)
		EndReloadAssembly (941ms)
			LoadAssemblies (163ms)
			RebuildTransferFunctionScriptingTraits (0ms)
			SetupTypeCache (303ms)
			ReleaseScriptCaches (6ms)
			RebuildScriptCaches (55ms)
			SetupLoadedEditorAssemblies (364ms)
				LogAssemblyErrors (0ms)
				InitializePlatformSupportModulesInManaged (7ms)
				SetLoadedEditorAssemblies (0ms)
				RefreshPlugins (1ms)
				BeforeProcessingInitializeOnLoad (89ms)
				ProcessInitializeOnLoadAttributes (230ms)
				ProcessInitializeOnLoadMethodAttributes (22ms)
				AfterProcessingInitializeOnLoad (14ms)
				EditorAssembliesLoaded (0ms)
			ExecutionOrderSort2 (0ms)
			AwakeInstancesAfterBackupRestoration (10ms)
Platform modules already initialized, skipping
Refreshing native plugins compatible for Editor in 2.50 ms, found 3 plugins.
Preloading 0 native plugins for Editor in 0.00 ms.
Unloading 3043 Unused Serialized files (Serialized files now loaded: 0)
Unloading 15 unused Assets / (24.7 KB). Loaded Objects now: 3583.
Memory consumption went from 112.0 MB to 111.9 MB.
Total: 4.005500 ms (FindLiveObjects: 0.891900 ms CreateObjectMapping: 0.196200 ms MarkObjects: 2.881900 ms  DeleteObjects: 0.033500 ms)

AssetImportParameters requested are different than current active one (requested -> active):
  custom:video-decoder-ogg-theora: a1e56fd34408186e4bbccfd4996cb3dc -> 
  custom:container-muxer-webm: aa71ff27fc2769a1b78a27578f13a17b -> 
  custom:container-demuxer-webm: 4f35f7cbe854078d1ac9338744f61a02 -> 
  custom:video-encoder-webm-vp8: eb34c28f22e8b96e1ab97ce403110664 -> 
  custom:audio-encoder-webm-vorbis: bf7c407c2cedff20999df2af8eb42d56 -> 
  custom:framework-win-MediaFoundation: 216162199b28c13a410421893ffa2e32 -> 
  custom:container-demuxer-ogg: 62fdf1f143b41e24485cea50d1cbac27 -> 
  custom:video-decoder-webm-vp8: 9c59270c3fd7afecdb556c50c9e8de78 -> 
  custom:audio-decoder-ogg-vorbis: bf7c407c2cedff20999df2af8eb42d56 -> 
========================================================================
Received Prepare
Registering precompiled user dll's ...
Registered in 0.007506 seconds.
Begin MonoManager ReloadAssembly
Symbol file LoadedFromMemory doesn't match image C:\Users\pfran\Documents\GitHub\MULT-150\PFrancia_Hour 11\Library\PackageCache\com.unity.visualscripting@1.8.0\Editor\VisualScripting.Core\Dependencies\YamlDotNet\Unity.VisualScripting.YamlDotNet.dll
Symbol file LoadedFromMemory doesn't match image C:\Users\pfran\Documents\GitHub\MULT-150\PFrancia_Hour 11\Library\PackageCache\com.unity.visualscripting@1.8.0\Editor\VisualScripting.Core\Dependencies\DotNetZip\Unity.VisualScripting.IonicZip.dll
Native extension for WindowsStandalone target not found
Refreshing native plugins compatible for Editor in 1.44 ms, found 3 plugins.
Preloading 0 native plugins for Editor in 0.00 ms.
Mono: successfully reloaded assembly
- Completed reload, in  3.081 seconds
Domain Reload Profiling:
	ReloadAssembly (3083ms)
		BeginReloadAssembly (195ms)
			ExecutionOrderSort (0ms)
			DisableScriptedObjects (6ms)
			BackupInstance (0ms)
			ReleaseScriptingObjects (0ms)
			CreateAndSetChildDomain (44ms)
		EndReloadAssembly (1859ms)
			LoadAssemblies (209ms)
			RebuildTransferFunctionScriptingTraits (0ms)
			SetupTypeCache (630ms)
			ReleaseScriptCaches (4ms)
			RebuildScriptCaches (233ms)
			SetupLoadedEditorAssemblies (650ms)
				LogAssemblyErrors (0ms)
				InitializePlatformSupportModulesInManaged (21ms)
				SetLoadedEditorAssemblies (2ms)
				RefreshPlugins (2ms)
				BeforeProcessingInitializeOnLoad (136ms)
				ProcessInitializeOnLoadAttributes (427ms)
				ProcessInitializeOnLoadMethodAttributes (35ms)
				AfterProcessingInitializeOnLoad (26ms)
				EditorAssembliesLoaded (0ms)
			ExecutionOrderSort2 (0ms)
			AwakeInstancesAfterBackupRestoration (13ms)
Platform modules already initialized, skipping
Refreshing native plugins compatible for Editor in 2.53 ms, found 3 plugins.
Preloading 0 native plugins for Editor in 0.00 ms.
Unloading 3043 Unused Serialized files (Serialized files now loaded: 0)
Unloading 15 unused Assets / (24.7 KB). Loaded Objects now: 3586.
Memory consumption went from 112.0 MB to 112.0 MB.
Total: 3.758200 ms (FindLiveObjects: 0.470100 ms CreateObjectMapping: 0.160500 ms MarkObjects: 3.094000 ms  DeleteObjects: 0.031700 ms)

AssetImportParameters requested are different than current active one (requested -> active):
  custom:video-decoder-ogg-theora: a1e56fd34408186e4bbccfd4996cb3dc -> 
  custom:container-muxer-webm: aa71ff27fc2769a1b78a27578f13a17b -> 
  custom:container-demuxer-webm: 4f35f7cbe854078d1ac9338744f61a02 -> 
  custom:video-encoder-webm-vp8: eb34c28f22e8b96e1ab97ce403110664 -> 
  custom:audio-encoder-webm-vorbis: bf7c407c2cedff20999df2af8eb42d56 -> 
  custom:framework-win-MediaFoundation: 216162199b28c13a410421893ffa2e32 -> 
  custom:container-demuxer-ogg: 62fdf1f143b41e24485cea50d1cbac27 -> 
  custom:video-decoder-webm-vp8: 9c59270c3fd7afecdb556c50c9e8de78 -> 
  custom:audio-decoder-ogg-vorbis: bf7c407c2cedff20999df2af8eb42d56 -> 
========================================================================
Received Import Request.
  Time since last request: 597.359199 seconds.
  path: Assets/Scenes
  artifactKey: Guid(6ea315d0fd7389c41b19996891e99ae3) Importer(815301076,1909f56bfc062723c751e8b465ee728b)
Start importing Assets/Scenes using Guid(6ea315d0fd7389c41b19996891e99ae3) Importer(815301076,1909f56bfc062723c751e8b465ee728b)  -> (artifact id: 'b8193726cff86800c54781cdc6d54904') in 0.009380 seconds 
========================================================================
Received Import Request.
  Time since last request: 11.143369 seconds.
  path: Assets/Scenes/New Folder
  artifactKey: Guid(b04f019f26c518948a8029be8a4d4de2) Importer(815301076,1909f56bfc062723c751e8b465ee728b)
Start importing Assets/Scenes/New Folder using Guid(b04f019f26c518948a8029be8a4d4de2) Importer(815301076,1909f56bfc062723c751e8b465ee728b)  -> (artifact id: '26c5e7e07e62cd7339b34e06ce34d9e8') in 0.005637 seconds 
========================================================================
Received Import Request.
  Time since last request: 40.241747 seconds.
  path: Assets/Scenes/Hour11.unity
  artifactKey: Guid(e4579d3d31981b443ae6782047a38fd4) Importer(815301076,1909f56bfc062723c751e8b465ee728b)
Start importing Assets/Scenes/Hour11.unity using Guid(e4579d3d31981b443ae6782047a38fd4) Importer(815301076,1909f56bfc062723c751e8b465ee728b)  -> (artifact id: 'd0267d7187cfa1360df8b254d0989c60') in 0.003461 seconds 
========================================================================
Received Import Request.
  Time since last request: 138.867779 seconds.
  path: Assets/Materials/New Material 1.mat
  artifactKey: Guid(4685cf48e1a16b24ea285023582cd9d9) Importer(815301076,1909f56bfc062723c751e8b465ee728b)
Start importing Assets/Materials/New Material 1.mat using Guid(4685cf48e1a16b24ea285023582cd9d9) Importer(815301076,1909f56bfc062723c751e8b465ee728b)  -> (artifact id: '3a77174682ba23e64a91a57e69b1ebb8') in 0.126127 seconds 
========================================================================
Received Import Request.
  Time since last request: 0.000035 seconds.
  path: Assets/Materials/New Material 4.mat
  artifactKey: Guid(d6cfa30530353504b94019a5e358170a) Importer(815301076,1909f56bfc062723c751e8b465ee728b)
Start importing Assets/Materials/New Material 4.mat using Guid(d6cfa30530353504b94019a5e358170a) Importer(815301076,1909f56bfc062723c751e8b465ee728b)  -> (artifact id: '31fdb2bbdea64c586ca1e6c7a4184bdc') in 0.016072 seconds 
========================================================================
Received Import Request.
  Time since last request: 0.000025 seconds.
  path: Assets/Materials/New Material 2.mat
  artifactKey: Guid(4649ca5aaa59cd84791d2aa60b559e78) Importer(815301076,1909f56bfc062723c751e8b465ee728b)
Start importing Assets/Materials/New Material 2.mat using Guid(4649ca5aaa59cd84791d2aa60b559e78) Importer(815301076,1909f56bfc062723c751e8b465ee728b)  -> (artifact id: 'febc14409615041670d5349d762ce43b') in 0.018760 seconds 
========================================================================
Received Import Request.
  Time since last request: 0.000063 seconds.
  path: Assets/Materials/New Material 5.mat
  artifactKey: Guid(6af880eb3ef17bc4681b87a55d2e628f) Importer(815301076,1909f56bfc062723c751e8b465ee728b)
Start importing Assets/Materials/New Material 5.mat using Guid(6af880eb3ef17bc4681b87a55d2e628f) Importer(815301076,1909f56bfc062723c751e8b465ee728b)  -> (artifact id: '26b855f2f8f26b94324c3ce06cfa53dc') in 0.013350 seconds 
========================================================================
Received Import Request.
  Time since last request: 0.000034 seconds.
  path: Assets/Materials/New Material 3.mat
  artifactKey: Guid(e41b0736c43b03741b9f0080f162551a) Importer(815301076,1909f56bfc062723c751e8b465ee728b)
Start importing Assets/Materials/New Material 3.mat using Guid(e41b0736c43b03741b9f0080f162551a) Importer(815301076,1909f56bfc062723c751e8b465ee728b)  -> (artifact id: 'bc31e5885bdc1210aa65bbd7d320beef') in 0.016590 seconds 
========================================================================
Received Import Request.
  Time since last request: 0.386675 seconds.
  path: Assets/Eye Angel Variant.prefab
  artifactKey: Guid(a717b9ad77b3b3c498706b453e19d2b0) Importer(815301076,1909f56bfc062723c751e8b465ee728b)
Start importing Assets/Eye Angel Variant.prefab using Guid(a717b9ad77b3b3c498706b453e19d2b0) Importer(815301076,1909f56bfc062723c751e8b465ee728b)  -> (artifact id: '9d6c50f0a6944e7da50388b2d3ab3fcc') in 0.068701 seconds 
========================================================================
Received Import Request.
  Time since last request: 0.000022 seconds.
  path: Assets/Eye Angel.prefab
  artifactKey: Guid(fe504cbbcb2b92a4681748da1e19a3eb) Importer(815301076,1909f56bfc062723c751e8b465ee728b)
Start importing Assets/Eye Angel.prefab using Guid(fe504cbbcb2b92a4681748da1e19a3eb) Importer(815301076,1909f56bfc062723c751e8b465ee728b)  -> (artifact id: 'e7f69ee63e11abb60feac2a61fc43aa3') in 0.022641 seconds 
========================================================================
Received Import Request.
  Time since last request: 8.205483 seconds.
  path: Assets/Prefabs
  artifactKey: Guid(a563158b506975a42a358cbbf8f7c8ce) Importer(815301076,1909f56bfc062723c751e8b465ee728b)
Start importing Assets/Prefabs using Guid(a563158b506975a42a358cbbf8f7c8ce) Importer(815301076,1909f56bfc062723c751e8b465ee728b)  -> (artifact id: 'e571f5e7f86ec4510a8f26b21de4ccba') in 0.006173 seconds 
========================================================================
Received Import Request.
  Time since last request: 372.616882 seconds.
  path: Assets/Prefabs/Lamp.prefab
  artifactKey: Guid(e19149675b4eb6d4fb7c66ed5a6fcb29) Importer(815301076,1909f56bfc062723c751e8b465ee728b)
Start importing Assets/Prefabs/Lamp.prefab using Guid(e19149675b4eb6d4fb7c66ed5a6fcb29) Importer(815301076,1909f56bfc062723c751e8b465ee728b)  -> (artifact id: '32bd60e7c88f20db4f00f124a0915340') in 0.018595 seconds 
========================================================================
Received Import Request.
  Time since last request: 149.564611 seconds.
  path: Assets/Scenes/Hour11_Lamps.unity
  artifactKey: Guid(e4579d3d31981b443ae6782047a38fd4) Importer(815301076,1909f56bfc062723c751e8b465ee728b)
Start importing Assets/Scenes/Hour11_Lamps.unity using Guid(e4579d3d31981b443ae6782047a38fd4) Importer(815301076,1909f56bfc062723c751e8b465ee728b)  -> (artifact id: 'a145f59784e3619c227ffa70485c4ff8') in 0.003823 seconds 
========================================================================
Received Import Request.
  Time since last request: 168.339114 seconds.
  path: Assets/Prefabs/Lamp.prefab
  artifactKey: Guid(e19149675b4eb6d4fb7c66ed5a6fcb29) Importer(815301076,1909f56bfc062723c751e8b465ee728b)
Start importing Assets/Prefabs/Lamp.prefab using Guid(e19149675b4eb6d4fb7c66ed5a6fcb29) Importer(815301076,1909f56bfc062723c751e8b465ee728b)  -> (artifact id: 'ee6ed72ba3362ad622e1fdd624d7ec23') in 0.012898 seconds 
========================================================================
Received Import Request.
  Time since last request: 59.140187 seconds.
  path: Assets/Prefabs/Lamp.prefab
  artifactKey: Guid(e19149675b4eb6d4fb7c66ed5a6fcb29) Importer(815301076,1909f56bfc062723c751e8b465ee728b)
Start importing Assets/Prefabs/Lamp.prefab using Guid(e19149675b4eb6d4fb7c66ed5a6fcb29) Importer(815301076,1909f56bfc062723c751e8b465ee728b)  -> (artifact id: '96569b862fba2b4a43dee4a03178cb15') in 0.015975 seconds 
========================================================================
Received Import Request.
  Time since last request: 87.377419 seconds.
  path: Assets/Prefabs/Lamp.prefab
  artifactKey: Guid(e19149675b4eb6d4fb7c66ed5a6fcb29) Importer(815301076,1909f56bfc062723c751e8b465ee728b)
Start importing Assets/Prefabs/Lamp.prefab using Guid(e19149675b4eb6d4fb7c66ed5a6fcb29) Importer(815301076,1909f56bfc062723c751e8b465ee728b)  -> (artifact id: 'fc212a626f32ac11a791e0fa2a1c6201') in 0.013357 seconds 
========================================================================
Received Import Request.
  Time since last request: 42.517981 seconds.
  path: Assets/Prefabs/Lamp.prefab
  artifactKey: Guid(e19149675b4eb6d4fb7c66ed5a6fcb29) Importer(815301076,1909f56bfc062723c751e8b465ee728b)
Start importing Assets/Prefabs/Lamp.prefab using Guid(e19149675b4eb6d4fb7c66ed5a6fcb29) Importer(815301076,1909f56bfc062723c751e8b465ee728b)  -> (artifact id: '2dd4aea2a0e67cce5d512c3476f2cf98') in 0.015686 seconds 
========================================================================
Received Import Request.
  Time since last request: 28.489345 seconds.
  path: Assets/Prefabs/Lamp.prefab
  artifactKey: Guid(e19149675b4eb6d4fb7c66ed5a6fcb29) Importer(815301076,1909f56bfc062723c751e8b465ee728b)
Start importing Assets/Prefabs/Lamp.prefab using Guid(e19149675b4eb6d4fb7c66ed5a6fcb29) Importer(815301076,1909f56bfc062723c751e8b465ee728b)  -> (artifact id: '935478d787769bbb2af288f36b8f95ae') in 0.009767 seconds 
========================================================================
Received Import Request.
  Time since last request: 36.814352 seconds.
  path: Assets/Prefabs/Lamp.prefab
  artifactKey: Guid(e19149675b4eb6d4fb7c66ed5a6fcb29) Importer(815301076,1909f56bfc062723c751e8b465ee728b)
Start importing Assets/Prefabs/Lamp.prefab using Guid(e19149675b4eb6d4fb7c66ed5a6fcb29) Importer(815301076,1909f56bfc062723c751e8b465ee728b)  -> (artifact id: 'b747b0d5745ceec7df112149cf5a3bc5') in 0.012002 seconds 
========================================================================
Received Import Request.
  Time since last request: 237.793180 seconds.
  path: Assets/Prefabs/Lamp.prefab
  artifactKey: Guid(e19149675b4eb6d4fb7c66ed5a6fcb29) Importer(815301076,1909f56bfc062723c751e8b465ee728b)
Start importing Assets/Prefabs/Lamp.prefab using Guid(e19149675b4eb6d4fb7c66ed5a6fcb29) Importer(815301076,1909f56bfc062723c751e8b465ee728b)  -> (artifact id: '66d97b07e2bc2c9f789375e52502d3dc') in 0.012022 seconds 
========================================================================
Received Import Request.
  Time since last request: 24.672451 seconds.
  path: Assets/Prefabs/Lamp.prefab
  artifactKey: Guid(e19149675b4eb6d4fb7c66ed5a6fcb29) Importer(815301076,1909f56bfc062723c751e8b465ee728b)
Start importing Assets/Prefabs/Lamp.prefab using Guid(e19149675b4eb6d4fb7c66ed5a6fcb29) Importer(815301076,1909f56bfc062723c751e8b465ee728b)  -> (artifact id: '459c175127145f5e7c3d58392135c4e3') in 0.011101 seconds 
========================================================================
Received Import Request.
  Time since last request: 12.366950 seconds.
  path: Assets/Prefabs/Lamp.prefab
  artifactKey: Guid(e19149675b4eb6d4fb7c66ed5a6fcb29) Importer(815301076,1909f56bfc062723c751e8b465ee728b)
Start importing Assets/Prefabs/Lamp.prefab using Guid(e19149675b4eb6d4fb7c66ed5a6fcb29) Importer(815301076,1909f56bfc062723c751e8b465ee728b)  -> (artifact id: '6e1eefc297e840f08422b5f47a445a0e') in 0.012052 seconds 
========================================================================
Received Import Request.
  Time since last request: 5.854198 seconds.
  path: Assets/Prefabs/Lamp.prefab
  artifactKey: Guid(e19149675b4eb6d4fb7c66ed5a6fcb29) Importer(815301076,1909f56bfc062723c751e8b465ee728b)
Start importing Assets/Prefabs/Lamp.prefab using Guid(e19149675b4eb6d4fb7c66ed5a6fcb29) Importer(815301076,1909f56bfc062723c751e8b465ee728b)  -> (artifact id: 'fa54ecaa53b65ac59b73a1d3876ebf4c') in 0.013450 seconds 
========================================================================
Received Import Request.
  Time since last request: 21.757025 seconds.
  path: Assets/Prefabs/Lamp.prefab
  artifactKey: Guid(e19149675b4eb6d4fb7c66ed5a6fcb29) Importer(815301076,1909f56bfc062723c751e8b465ee728b)
Start importing Assets/Prefabs/Lamp.prefab using Guid(e19149675b4eb6d4fb7c66ed5a6fcb29) Importer(815301076,1909f56bfc062723c751e8b465ee728b)  -> (artifact id: '13a51a0b9d4a28e4792fb309b3943b3d') in 0.012839 seconds 
========================================================================
Received Import Request.
  Time since last request: 181.160001 seconds.
  path: Assets/Prefabs/Lamp (2) Variant.prefab
  artifactKey: Guid(b20a95151b9e8014ab416dbc32e44479) Importer(815301076,1909f56bfc062723c751e8b465ee728b)
Start importing Assets/Prefabs/Lamp (2) Variant.prefab using Guid(b20a95151b9e8014ab416dbc32e44479) Importer(815301076,1909f56bfc062723c751e8b465ee728b)  -> (artifact id: '045d2f22e33c621f140be6aac67bf64d') in 0.016239 seconds 
========================================================================
Received Import Request.
  Time since last request: 8.953988 seconds.
  path: Assets/Prefabs/Lamp Variant.prefab
  artifactKey: Guid(b20a95151b9e8014ab416dbc32e44479) Importer(815301076,1909f56bfc062723c751e8b465ee728b)
Start importing Assets/Prefabs/Lamp Variant.prefab using Guid(b20a95151b9e8014ab416dbc32e44479) Importer(815301076,1909f56bfc062723c751e8b465ee728b)  -> (artifact id: '5c865ec9d351d0b36114512cd029bb0c') in 0.017240 seconds 
========================================================================
Received Import Request.
  Time since last request: 142.444364 seconds.
  path: Assets/Prefabs/Lamp Variant.prefab
  artifactKey: Guid(b20a95151b9e8014ab416dbc32e44479) Importer(815301076,1909f56bfc062723c751e8b465ee728b)
Start importing Assets/Prefabs/Lamp Variant.prefab using Guid(b20a95151b9e8014ab416dbc32e44479) Importer(815301076,1909f56bfc062723c751e8b465ee728b)  -> (artifact id: 'ccfced5ba0d04fc269dfc1d65151601c') in 0.039725 seconds 
========================================================================
Received Import Request.
  Time since last request: 0.000029 seconds.
  path: Assets/Prefabs/Lamp.prefab
  artifactKey: Guid(e19149675b4eb6d4fb7c66ed5a6fcb29) Importer(815301076,1909f56bfc062723c751e8b465ee728b)
Start importing Assets/Prefabs/Lamp.prefab using Guid(e19149675b4eb6d4fb7c66ed5a6fcb29) Importer(815301076,1909f56bfc062723c751e8b465ee728b)  -> (artifact id: '2287b8ee29b2603148c1dcab24969abe') in 0.027231 seconds 
